
[1m[46m RUN [49m[22m [36mv3.2.4 [39m[90mD:/Working/tmq-express/backend[39m

 [32mG£Ù[39m tests/auth.test.js[2m > [22mModule Auth G«ˆ /api/auth[2m > [22mUT-AUTH-01: -…-‚ng nhﬂ¶°p -Ê+¶ng GÂ∆ 200, c+¶ token + user info[32m 64[2mms[22m[39m
 [31m+˘[39m tests/auth.test.js[2m > [22mModule Auth G«ˆ /api/auth[2m > [22mUT-AUTH-11: GET /me GÂ∆ 200, -Êﬂ¶∫y -Êﬂ+∫ profile[32m 7[2mms[22m[39m
[31m   GÂ∆ expected 401 to be 200 // Object.is equality[39m
 [32mG£Ù[39m tests/auth.test.js[2m > [22mModule Auth G«ˆ /api/auth[2m > [22mUT-AUTH-02: Username kh+¶ng tﬂ+Ùn tﬂ¶Ìi GÂ∆ 401[32m 4[2mms[22m[39m
 [32mG£Ù[39m tests/auth.test.js[2m > [22mModule Auth G«ˆ /api/auth[2m > [22mUT-AUTH-03: Password sai GÂ∆ 401[32m 64[2mms[22m[39m
 [32mG£Ù[39m tests/auth.test.js[2m > [22mModule Auth G«ˆ /api/auth[2m > [22mSEC-01: Gﬂ+Ïi API kh+¶ng token GÂ∆ 401[32m 1[2mms[22m[39m
 [32mG£Ù[39m tests/auth.test.js[2m > [22mModule Auth G«ˆ /api/auth[2m > [22mSEC-12: Token sai ho+·n to+·n GÂ∆ 401[32m 1[2mms[22m[39m

[2m Test Files [22m [1m[31m1 failed[39m[22m[90m (1)[39m
[2m      Tests [22m [1m[31m1 failed[39m[22m[2m | [22m[1m[32m5 passed[39m[22m[90m (6)[39m
[2m   Start at [22m 22:28:24
[2m   Duration [22m 1.42s[2m (transform 119ms, setup 0ms, collect 714ms, tests 494ms, environment 0ms, prepare 67ms)[22m

